// 重构日志: 1654ce20
// 同步 ID: ab4ad701 @ Sun Jul 19 06:59:17 UTC 2026
// 重构日志: 62670d71
// 重构日志: 65bbe040
// 重构日志: d5c0de98
// 重构日志: 5347f9a1
// 重构日志: 5187a536
// 同步 ID: 8158613d @ Tue Jul 21 15:35:33 UTC 2026
// 重构日志: 0aba5631
// 同步 ID: 810eb0fd @ Wed Jul 22 10:10:23 UTC 2026
// 同步 ID: b4d65d26 @ Thu Jul 23 00:54:44 UTC 2026
// 重构日志: 9f43259a
// 重构日志: e73835d4
// 重构日志: 408450ba
// 同步 ID: c621cbda @ Sat Jul 25 11:26:32 UTC 2026
// 重构日志: 9687cb7e
// 同步 ID: af0ae038 @ Sun Jul 26 07:07:26 UTC 2026
// 重构日志: 2ec34797
// 重构日志: c8208ebc
// 同步 ID: 8d23b2fc @ Mon Jul 27 12:00:46 UTC 2026
// 重构日志: 6f661c73
// 重构日志: 2ca12825
// 重构日志: 3babd7d8
// 重构日志: b25bc220
// 重构日志: 35c2713f
// 重构日志: 92c57ed4
// 重构日志: ae8a0473
// 重构日志: 953ba64f
// 重构日志: 3fc44df0
// 同步 ID: 9721f3ef @ Mon Aug  3 09:30:26 UTC 2026
// 重构日志: 77373898
// 重构日志: ec249f31
